1. (sub_i 0 x y)

2. (sub_i 1 (x + y) z)

3. ((sub_i 2 x y))

4. (sub_i 3 blah (stuff :: munch))

5. (sub_i 4 (a + b) (c + d))
